###############################################################################
#                                                                             #
#     IAR Systems Z80/64180 Assembler V4.06A/W32 02/Apr/2012  14:26:56        #
#     Copyright 2001 IAR Systems. All rights reserved.                        #
#                                                                             #
#           Target option =  z80                                              #
#           Source file   =  js-os.asm                                        #
#           List file     =  js-os.lst                                        #
#           Object file   =  js-os.r01                                        #
#           Command line  =  js-os.asm -l js-os.lst                           #
#                                                                             #
###############################################################################

      1    005B00          ; ------- external modules
      2    000000          extern    font8
      3    005B00          #include "conf.asm"
      4    005B00          #include "macro.asm"
      5    005B00          #include "vars.asm"
      6    004420          
      7    004420          
      8    004420          ; ------- main code
      9    000000                          rseg CODE
     10    000000          
     11    000000 F3                       di
     12    000001 C3....                   jp START
     13    000004          
     14    000080                          org h'80        ; Decimal 128
     15    000080          START
     16    000080 0611                     ld b,h'11
     17    000082 1605                     ld d, h'5
     18    000084 CD....                   call set_ram_pager
     19    000087 310060                   ld sp, stck
     20    00008A 3E0C                     ld a,h'0C                       ;
                                                 Set charcol variable to
                                                 default value
     21    00008C 32015B                   ld (current_pen),a
     22    00008F 110000                   LD DE,h'0000            ; Set XYPOS
                                                                    D - Y , E -
                                                                    X to the
                                                                    default of
                                                                    0,0
     23    000092 ED53035B                 LD (cursor_y),DE
     24    000096 CD....                   call load_font
     25    000099 AF                       xor a
     26    00009A D3FE                     out (254), a
     27    00009C 0612                     ld b,h'12
     28    00009E 1602                     ld d, h'2
     29    0000A0 CD....                   call set_ram_pager
     30    0000A3 CD....                   call LD_64_PAL          ; Load
                                                                    default 64
                                                                    colour
                                                                    palette
     31    0000A6 2103C0                   ld hl, h'c003           ; Hopefully
                                                                    set 360x288
                                                                    text
                                                                    ?
     32    0000A9 CD....                   call set_video_mode
     33    0000AC 0613                     ld b,h'13
     34    0000AE 16F8                     ld d, txpage
     35    0000B0 CD....                   call set_ram_pager
     36    0000B3 CD....                   call cls_text
     37    0000B6 3E00                     ld a, h'0
     38    0000B8 32025B                   ld (border_colour), a
     39    0000BB CD....                   call set_border
     40    0000BE                          
     41    0000BE           ; Setup system variables
     42    0000BE          
     43    0000BE 3E01                     ld a, 1
     44    0000C0 32085B                   ld (cursorstatus), a
     45    0000C3 3E64                     ld a, 100
     46    0000C5 32075B                   ld (cursorflashtimer), a
     47    0000C8 3E0F                     ld a, h'0f
     48    0000CA 32015B                   ld (current_pen), a
     49    0000CD          
     50    0000CD                          ;-----------------------------------
                           -----------------------------------
     51    0000CD                          ;PS2 initialization:
     52    0000CD          
     53    0000CD 01F7EF                   LD BC,h'EFF7
     54    0000D0 3E80                     LD A,h'80
     55    0000D2 ED79                     OUT (C),A
     56    0000D4 01F7DF                   LD BC,h'DFF7
     57    0000D7 3EF0                     LD A,h'F0
     58    0000D9 ED79                     OUT (C),A
     59    0000DB 01F7BF                   LD BC,h'BFF7
     60    0000DE 3E02                     LD A,h'02
     61    0000E0 ED79                     OUT (C),A
     62    0000E2          
     63    0000E2                          ;-----------------------------------
                           -----------------------------------
     64    0000E2                          ;Initialise IM2 interrupts:
     65    0000E2          
     66    0000E2 21....                   LD HL, I_N_T
     67    0000E5 22FF5B                   LD (h'5BFF), HL ; Address for IM2
                                                            mode routine.
     68    0000E8 F3                       DI
     69    0000E9 3E5B                     LD A, h'5B
     70    0000EB ED47                     LD I, A
     71    0000ED ED5E                     IM 2
     72    0000EF          
     73    0000EF                          ;-----------------------------------
                           -----------------------------------
     74    0000EF          
     75    0000EF          ;MAIN CYCLE:
     76    0000EF                    
     77    0000EF                          
     78    0000EF 3E0C                     ld a,h'0C                       ;
                                                 Set charcol variable to
                                                 default value
     79    0000F1 32015B                   ld (current_pen),a
     80    0000F4 110000                   ld de, h'0000           ; Set Y=0 ,
                                                                    X=0
     81    0000F7 ED53035B                 ld (cursor_y), de
     82    0000FB 21....                   ld hl , M_HEAD1
     83    0000FE CD....                   call print_msg_c
     84    000101 3E0F                     ld a, h'0f
     85    000103 32015B                   ld (current_pen), a
     86    000106 110001                   ld de, h'0100           ; Set Y=1 ,
                                                                    X=0
     87    000109 ED53035B                 ld (cursor_y), de
     88    00010D 21....                   ld hl , M_HEAD2
     89    000110 CD....                   call print_msg_c
     90    000113                          
     91    000113 110005                   ld de, h'0500                   ; Y
                                                   = 5 , X = 0 setup powerup
                                                   cursor position
     92    000116 ED53035B                 ld (cursor_y), de
     93    00011A                          
     94    00011A                          ;-----------------------------------
                           --------------------
     95    00011A                          ;initialization for inputing
                            string:
     96    00011A          
     97    00011A CD....   MAIN            call get_address
     98    00011D                          ;LD HL, h'c000          ; address on
                            screen (first line)
     99    00011D 110059                   LD DE, h'5900           ;curMAX +
                                                                    curNOW
    100    000120          
    101    000120                          ;curMAX - lenght of editing
                            string
    102    000120                          ;curNOW - cursor starting position
    103    000120          
    104    000120 3EFF                     LD A, h'ff                      ;
                                                  #FF - initialization
    105    000122 CD....                   CALL ISTR
    106    000125                          
    107    000125                          ;-----------------------------------
                           --------------------
    108    000125                          
    109    000125 FB       MAIN1           ei
    110    000126 76                       halt
    111    000127                          ;if ENTER pressed then parse:
    112    000127 CD....                   CALL ENKE
    113    00012A 2006                     jr nz, enter
    114    00012C          
    115    00012C          ;editing string:
    116    00012C                          
    117    00012C AF                       XOR A                           ; 0
  - inputing
    118    00012D CD....                   CALL ISTR
    119    000130 18F3                     JR MAIN1
    120    000132          
    121    000132          enter
    122    000132 ED5B035B                 ld de, (cursor_y)
    123    000136 14                       inc d
    124    000137 ED53035B                 ld (cursor_y), de
    125    00013B 3E01                     ld a, 01                        ;
                                                  Terminate editing string in
                                                  HL
    126    00013D CD....                   call ISTR
    127    000140 E5                       push hl                 ; copy HL
                                                                    into
                                                                    DE
    128    000141 D1                       pop de
    129    000142 CD....                   call parse
    130    000145 18D3                     jr MAIN
    131    000147                          
    132    000147          
    133    000147          ;---------------------------------------------------
                           -------------------
    134    000147          ; IM2 Interrupt handler:
    135    000147 F5       I_N_T           PUSH AF
    136    000148 C5                       PUSH BC
    137    000149 D5                       PUSH DE
    138    00014A E5                       PUSH HL
    139    00014B DDE5                     PUSH IX
    140    00014D D9                       EXX
    141    00014E 08                       EX AF, AF
    142    00014F F5                       PUSH AF
    143    000150 C5                       PUSH BC
    144    000151 D5                       PUSH DE
    145    000152 E5                       PUSH HL
    146    000153          
    147    000153 CD....                   CALL PSDII      ; Get value from PS2
                                                            keyboard buffer.
    148    000156          
    149    000156 E1                       POP HL
    150    000157 D1                       POP DE
    151    000158 C1                       POP BC
    152    000159 F1                       POP AF
    153    00015A D9                       EXX
    154    00015B 08                       EX AF, AF
    155    00015C DDE1                     POP IX
    156    00015E E1                       POP HL
    157    00015F D1                       POP DE
    158    000160 C1                       POP BC
    159    000161 F1                       POP AF
    160    000162 FB                       EI
    161    000163 C9                       RET
    162    000164          
    163    000164          ;---------------------------------------------------
                           -------------------
    164    000164          
    165    000164          #include "nvram.asm"
    166    0001F2          #include "gfx-routines.asm"
    167    000459          #include "maths-routines.asm"
    168    000549          #include "parser.asm"
    169    0005C6          #include "ps2_handler.asm"
    170    00097B          #include "commands/test.asm"
    171    000986          #include "commands/time.asm"
    172    0009C2          #include "commands/date.asm"
    173    000A08          #include "commands/cls.asm"
    174    000A14          #include "booter.asm"
    175    00111B          #include "arrays.asm"
    176    001425          #include "restarts.asm"
    177    000068          
    178    000068          
    179    000068          
    180    000068                  end
##############################
#          CRC:41CB          #
#        Errors:   0         #
#        Warnings: 0         #
#        Bytes: 5029         #
##############################



