################################################################################
#                                                                              #
#      IAR Universal Linker V5.0.0.2/W32                                       #
#                                                                              #
#           Link time     =  24/Mar/2012  20:37:45                             #
#           Target CPU    =  Z80/64180                                         #
#           List file     =  js-os.map                                         #
#           Output file 1 =  "C:\Documents and Settings\Attain PD\My Documents #
#                            \Justine\zxevo\js-os\js-os.bin"                   #
#                            Format: raw-binary                                #
#           Command line  =  -Hff -f js-os.xcl (-Fraw-binary -cz80             #
#                            -Z(CODE)CODE=0000-37FF -Z(CONST)FONT8=3800-3FFF   #
#                            --image_input=jms-font.fnt,font8,FONT8,1 -o       #
#                            js-os.bin -l js-os.map -xmisn) js-os.r01          #
#                                                                              #
#                           Copyright (C) 1987-2010 IAR Systems AB.            #
################################################################################





                ****************************************
                *                                      *
                *           CROSS REFERENCE            *
                *                                      *
                ****************************************

                  There are no program entries.




                ****************************************
                *                                      *
                *              MODULE MAP              *
                *                                      *
                ****************************************


  FILE NAME : C:\Documents and Settings\Attain PD\My Documents\Justine\zxevo\js-os\jms-font.fnt
  PROGRAM MODULE, NAME :  Image file 0

  SEGMENTS IN THE MODULE
  ======================
FONT8
  Relative segment, address: 3800 - 3FFF (0x800 bytes), align: 0
  Segment part 0.
           ENTRY                   ADDRESS         REF BY
           =====                   =======         ======
           font8                   3800            Segment part 0 (js-os)

    *************************************************************************

  FILE NAME : C:\Documents and Settings\Attain PD\My Documents\Justine\zxevo\js-os\js-os.r01
  PROGRAM MODULE, NAME : js-os

  SEGMENTS IN THE MODULE
  ======================
CODE
  Relative segment, address: 0000 - 16CC (0x16cd bytes), align: 0
  Segment part 0. ROOT.

    *************************************************************************

  DEFINED ABSOLUTE ENTRIES
  PROGRAM MODULE, NAME : ?FILLER_BYTES

  SEGMENTS IN THE MODULE
  ======================
?FILL1
  Relative segment, address: 16CD - 37FF (0x2133 bytes), align: 0
  Segment part 0.




                ****************************************
                *                                      *
                *            MODULE SUMMARY            *
                *                                      *
                ****************************************

Module           CODE  CONST
------           ----  -----
                (Rel)  (Rel)
 Image file 0          2 048
?FILLER_BYTES   8 499
js-os           5 837
------         ------  -----
Total:         14 336  2 048


                ****************************************
                *                                      *
                *      SEGMENTS IN ADDRESS ORDER       *
                *                                      *
                ****************************************


SEGMENT              SPACE    START ADDRESS   END ADDRESS     SIZE  TYPE  ALIGN
=======              =====    =============   ===========     ====  ====  =====
CODE                                   0000 - 16CC            16CD   rel    0
?FILL1                                 16CD - 37FF            2133   rel    0
FONT8                                  3800 - 3FFF             800   rel    0

                ****************************************
                *                                      *
                *        END OF CROSS REFERENCE        *
                *                                      *
                ****************************************

 5 837 bytes of CODE  memory (+ 8 499 range fill )
 2 048 bytes of CONST memory

Errors: none
Warnings: none

