###############################################################################
#                                                                             #
#     IAR Systems Z80/64180 Assembler V4.06A/W32 02/Apr/2012  15:02:27        #
#     Copyright 2001 IAR Systems. All rights reserved.                        #
#                                                                             #
#           Target option =  z80                                              #
#           Source file   =  js-os.asm                                        #
#           List file     =  js-os.lst                                        #
#           Object file   =  js-os.r01                                        #
#           Command line  =  js-os.asm -l js-os.lst                           #
#                                                                             #
###############################################################################

      1    005B00          ; ------- external modules
      2    000000          extern    font8
      3    005B00          #include "conf.asm"
      4    005B00          #include "macro.asm"
      5    005B00          #include "vars.asm"
      6    004420          
      7    004420          
      8    004420          ; ------- main code
      9    000000                          rseg CODE
     10    000000          
     11    000000 F3                       di
     12    000001 C3....                   jp START
     13    000004          
     14    000080                          org h'80        ; Decimal 128
     15    000080          START
     16    000080 0611                     ld b,h'11
     17    000082 1605                     ld d, h'5
     18    000084 CD....                   call set_ram_pager
     19    000087 310060                   ld sp, stck
     20    00008A 3E0C                     ld a,h'0C                       ;
                                                 Set charcol variable to
                                                 default value
     21    00008C 32015B                   ld (current_pen),a
     22    00008F 110000                   LD DE,h'0000            ; Set XYPOS
                                                                    D - Y , E -
                                                                    X to the
                                                                    default of
                                                                    0,0
     23    000092 ED53035B                 LD (cursor_y),DE
     24    000096 CD....                   call load_font
     25    000099 AF                       xor a
     26    00009A D3FE                     out (254), a
     27    00009C 0612                     ld b,h'12
     28    00009E 1602                     ld d, h'2
     29    0000A0 CD....                   call set_ram_pager
     30    0000A3 CD....                   call LD_64_PAL          ; Load
                                                                    default 64
                                                                    colour
                                                                    palette
     31    0000A6 2103C0                   ld hl, h'c003           ; Hopefully
                                                                    set 360x288
                                                                    text
                                                                    ?
     32    0000A9 CD....                   call set_video_mode
     33    0000AC 0613                     ld b,h'13
     34    0000AE 16F8                     ld d, txpage
     35    0000B0 CD....                   call set_ram_pager
     36    0000B3 CD....                   call cls_text
     37    0000B6 3E00                     ld a, h'0
     38    0000B8 32025B                   ld (border_colour), a
     39    0000BB CD....                   call set_border
     40    0000BE                          
     41    0000BE           ; Setup system variables
     42    0000BE          
     43    0000BE 3E01                     ld a, 1
     44    0000C0 32085B                   ld (cursorstatus), a
     45    0000C3 3E64                     ld a, 100
     46    0000C5 32075B                   ld (cursorflashtimer), a
     47    0000C8 3E0F                     ld a, h'0f
     48    0000CA 32015B                   ld (current_pen), a
     49    0000CD 3E19                     ld a, 25                        ;
                                                  Auto repeat default
                                                  value
     50    0000CF 320B5B                   ld (key_repeat), a
     51    0000D2          
     52    0000D2                          ;-----------------------------------
                           -----------------------------------
     53    0000D2                          ;PS2 initialization:
     54    0000D2          
     55    0000D2 01F7EF                   LD BC,h'EFF7
     56    0000D5 3E80                     LD A,h'80
     57    0000D7 ED79                     OUT (C),A
     58    0000D9 01F7DF                   LD BC,h'DFF7
     59    0000DC 3EF0                     LD A,h'F0
     60    0000DE ED79                     OUT (C),A
     61    0000E0 01F7BF                   LD BC,h'BFF7
     62    0000E3 3E02                     LD A,h'02
     63    0000E5 ED79                     OUT (C),A
     64    0000E7          
     65    0000E7                          ;-----------------------------------
                           -----------------------------------
     66    0000E7                          ;Initialise IM2 interrupts:
     67    0000E7          
     68    0000E7 21....                   LD HL, I_N_T
     69    0000EA 22FF5B                   LD (h'5BFF), HL         ; Address
                                                                    for IM2
                                                                    mode
                                                                    routine.
     70    0000ED F3                       DI
     71    0000EE 3E5B                     LD A, h'5B
     72    0000F0 ED47                     LD I, A
     73    0000F2 ED5E                     IM 2
     74    0000F4          
     75    0000F4                          ;-----------------------------------
                           -----------------------------------
     76    0000F4          
     77    0000F4          ;MAIN CYCLE:
     78    0000F4                    
     79    0000F4                          
     80    0000F4 3E0C                     ld a,h'0C                       ;
                                                 Set charcol variable to
                                                 default value
     81    0000F6 32015B                   ld (current_pen),a
     82    0000F9 110000                   ld de, h'0000           ; Set Y=0 ,
                                                                    X=0
     83    0000FC ED53035B                 ld (cursor_y), de
     84    000100 21....                   ld hl , M_HEAD1
     85    000103 CD....                   call print_msg_c
     86    000106 3E0F                     ld a, h'0f
     87    000108 32015B                   ld (current_pen), a
     88    00010B 110001                   ld de, h'0100           ; Set Y=1 ,
                                                                    X=0
     89    00010E ED53035B                 ld (cursor_y), de
     90    000112 21....                   ld hl , M_HEAD2
     91    000115 CD....                   call print_msg_c
     92    000118                          
     93    000118 110005                   ld de, h'0500                   ; Y
                                                   = 5 , X = 0 setup powerup
                                                   cursor position
     94    00011B ED53035B                 ld (cursor_y), de
     95    00011F                          
     96    00011F                          ;-----------------------------------
                           --------------------
     97    00011F                          ;initialization for inputing
                            string:
     98    00011F          
     99    00011F CD....   MAIN            call get_address
    100    000122                          ;LD HL, h'c000          ; address on
                            screen (first line)
    101    000122 110059                   LD DE, h'5900           ;curMAX +
                                                                    curNOW
    102    000125          
    103    000125                          ;curMAX - lenght of editing
                            string
    104    000125                          ;curNOW - cursor starting position
    105    000125          
    106    000125 3EFF                     LD A, h'ff                      ;
                                                  #FF - initialization
    107    000127 CD....                   CALL ISTR
    108    00012A                          
    109    00012A                          ;-----------------------------------
                           --------------------
    110    00012A                          
    111    00012A FB       MAIN1           ei
    112    00012B 76                       halt
    113    00012C                          ;if ENTER pressed then parse:
    114    00012C CD....                   CALL ENKE
    115    00012F 2006                     jr nz, enter
    116    000131          
    117    000131          ;editing string:
    118    000131                          
    119    000131 AF                       XOR A                           ; 0
  - inputing
    120    000132 CD....                   CALL ISTR
    121    000135 18F3                     JR MAIN1
    122    000137          
    123    000137          enter
    124    000137 ED5B035B                 ld de, (cursor_y)
    125    00013B 14                       inc d
    126    00013C ED53035B                 ld (cursor_y), de
    127    000140 3E01                     ld a, 01                        ;
                                                  Terminate editing string in
                                                  HL
    128    000142 CD....                   call ISTR
    129    000145 E5                       push hl                 ; copy HL
                                                                    into
                                                                    DE
    130    000146 D1                       pop de
    131    000147 CD....                   call parse
    132    00014A 18D3                     jr MAIN
    133    00014C                          
    134    00014C          
    135    00014C          ;---------------------------------------------------
                           -------------------
    136    00014C          ; IM2 Interrupt handler:
    137    00014C F5       I_N_T           PUSH AF
    138    00014D C5                       PUSH BC
    139    00014E D5                       PUSH DE
    140    00014F E5                       PUSH HL
    141    000150 DDE5                     PUSH IX
    142    000152 D9                       EXX
    143    000153 08                       EX AF, AF
    144    000154 F5                       PUSH AF
    145    000155 C5                       PUSH BC
    146    000156 D5                       PUSH DE
    147    000157 E5                       PUSH HL
    148    000158          
    149    000158 CD....                   CALL PSDII      ; Get value from PS2
                                                            keyboard buffer.
    150    00015B          
    151    00015B E1                       POP HL
    152    00015C D1                       POP DE
    153    00015D C1                       POP BC
    154    00015E F1                       POP AF
    155    00015F D9                       EXX
    156    000160 08                       EX AF, AF
    157    000161 DDE1                     POP IX
    158    000163 E1                       POP HL
    159    000164 D1                       POP DE
    160    000165 C1                       POP BC
    161    000166 F1                       POP AF
    162    000167 FB                       EI
    163    000168 C9                       RET
    164    000169          
    165    000169          ;---------------------------------------------------
                           -------------------
    166    000169          
    167    000169          #include "nvram.asm"
    168    0001F7          #include "gfx-routines.asm"
    169    00042B          #include "maths-routines.asm"
    170    00051B          #include "parser.asm"
    171    000598          #include "ps2_handler.asm"
    172    00094F          #include "commands/test.asm"
    173    00095A          #include "commands/time.asm"
    174    000996          #include "commands/date.asm"
    175    0009DC          #include "commands/cls.asm"
    176    0009E8          #include "booter.asm"
    177    0010EF          #include "arrays.asm"
    178    0013F9          #include "restarts.asm"
    179    000068          
    180    000068          
    181    000068          
    182    000068                  end
##############################
#          CRC:B58           #
#        Errors:   0         #
#        Warnings: 0         #
#        Bytes: 4985         #
##############################



