################################################################################
#                                                                              #
#      IAR Universal Linker V5.0.0.2/W32                                       #
#                                                                              #
#           Link time     =  18/Mar/2012  22:42:51                             #
#           Target CPU    =  Z80/64180                                         #
#           List file     =  example.map                                       #
#           Output file 1 =  "C:\Documents and Settings\Attain PD\My Documents #
#                            \Justine\zxevo\Justines OS\ps2-test\example.bin"  #
#                            Format: raw-binary                                #
#           Command line  =  -f example.xcl (-Fraw-binary -cz80                #
#                            -Z(CODE)CODE=6000-7FFF -Z(CONST)FONT8=6000-7FFF   #
#                            --image_input=866_code.fnt,font8,FONT8,1 -o       #
#                            example.bin -l example.map -xmisn) example.r01    #
#                                                                              #
#                           Copyright (C) 1987-2010 IAR Systems AB.            #
################################################################################





                ****************************************
                *                                      *
                *           CROSS REFERENCE            *
                *                                      *
                ****************************************

                  There are no program entries.




                ****************************************
                *                                      *
                *              MODULE MAP              *
                *                                      *
                ****************************************


  DEFINED ABSOLUTE ENTRIES
    *************************************************************************

  FILE NAME : C:\Documents and Settings\Attain PD\My Documents\Justine\zxevo\Justines OS\ps2-test\866_code.fnt
  PROGRAM MODULE, NAME :  Image file 0

  SEGMENTS IN THE MODULE
  ======================
FONT8
  Relative segment, address: 6448 - 6C47 (0x800 bytes), align: 0
  Segment part 0.
           ENTRY                   ADDRESS         REF BY
           =====                   =======         ======
           font8                   6448            Segment part 0 (example)

    *************************************************************************

  FILE NAME : C:\Documents and Settings\Attain PD\My Documents\Justine\zxevo\Justines OS\ps2-test\example.r01
  PROGRAM MODULE, NAME : example

  SEGMENTS IN THE MODULE
  ======================
CODE
  Relative segment, address: 6000 - 6447 (0x448 bytes), align: 0
  Segment part 0. ROOT.




                ****************************************
                *                                      *
                *            MODULE SUMMARY            *
                *                                      *
                ****************************************

Module          CODE  CONST
------          ----  -----
               (Rel)  (Rel)
 Image file 0         2 048
example        1 096
------         -----  -----
Total:         1 096  2 048


                ****************************************
                *                                      *
                *      SEGMENTS IN ADDRESS ORDER       *
                *                                      *
                ****************************************


SEGMENT              SPACE    START ADDRESS   END ADDRESS     SIZE  TYPE  ALIGN
=======              =====    =============   ===========     ====  ====  =====
CODE                                   6000 - 6447             448   rel    0
FONT8                                  6448 - 6C47             800   rel    0

                ****************************************
                *                                      *
                *        END OF CROSS REFERENCE        *
                *                                      *
                ****************************************

 1 096 bytes of CODE  memory
 2 048 bytes of CONST memory

Errors: none
Warnings: none

